// Jest Snapshot v1, https://goo.gl/fbAQLP

exports[`ColorMode component renders with colors 1`] = `"body{color:tomato;background-color:black;}"`;

exports[`useColorMode throws when there is no theme context: ThemeProvider 1`] = `"[useColorMode] requires the ThemeProvider component"`;
