// Jest Snapshot v1, https://goo.gl/fbAQLP

exports[`renders 1`] = `
.emotion-0 {
  pointer-events: none;
}

<svg
  className="emotion-0"
  height={12}
  viewBox="0 0 16 16"
  width={12}
>
  <path
    d="M14 6 L8 12 L2 6"
    fill="none"
    stroke="currentcolor"
    strokeWidth="2"
  />
</svg>
`;
