// Jest Snapshot v1, https://goo.gl/fbAQLP

exports[`renders 1`] = `
.emotion-6 {
  z-index: 2;
}

.emotion-4 {
  display: -webkit-box;
  display: -webkit-flex;
  display: -ms-flexbox;
  display: flex;
  -webkit-align-items: center;
  -webkit-box-align: center;
  -ms-flex-align: center;
  align-items: center;
}

.emotion-3 {
  -webkit-appearance: none;
  -moz-appearance: none;
  appearance: none;
  width: 32px;
  height: 32px;
  color: inherit;
  background-color: transparent;
  border: 0;
  margin-left: -32px;
}

.emotion-2 {
  pointer-events: none;
}

.emotion-5 {
  left: 0;
  right: 0;
  top: 100%;
  list-style: none;
  padding: 0;
  margin: 0;
  max-height: 512px;
  overflow-y: auto;
  background-color: white;
  border: 1px solid;
  border-top: 0;
  border-color: lightgray;
}

<div
  className="emotion-6"
  style={
    Object {
      "position": "static",
    }
  }
>
  <label
    __css={
      Object {
        "display": "flex",
        "width": "100%",
      }
    }
    __themeKey="forms"
    className="emotion-0"
    htmlFor="beep"
  >
    beep
  </label>
  <div
    className="emotion-4"
  >
    <input
      __css={
        Object {
          "appearance": "none",
          "bg": "transparent",
          "border": "1px solid",
          "borderRadius": 4,
          "color": "inherit",
          "display": "block",
          "fontSize": "inherit",
          "lineHeight": "inherit",
          "p": 2,
          "width": "100%",
        }
      }
      __themeKey="forms"
      aria-activedescendant="beep-1"
      aria-autocomplete="none"
      aria-expanded={false}
      aria-haspopup="true"
      aria-owns="beep-popup"
      className="emotion-0"
      id="beep"
      name="beep"
      onBlur={[Function]}
      onChange={[Function]}
      onKeyDown={[Function]}
      role="combobox"
      type="text"
      value="beep"
    />
    <button
      aria-label="Open"
      className="emotion-3"
      onClick={[Function]}
      tabIndex={-1}
    >
      <svg
        className="emotion-2"
        height="12"
        viewBox="0 0 16 16"
        width="12"
      >
        <path
          d="M14 6 L8 12 L2 6"
          fill="none"
          stroke="currentcolor"
          strokeWidth="2"
        />
      </svg>
    </button>
  </div>
  <ul
    aria-label="beep"
    className="emotion-5"
    id="beep-popup"
    role="listbox"
    style={
      Object {
        "position": "static",
        "visibility": "hidden",
      }
    }
    tabIndex={-1}
  />
</div>
`;
