// Jest Snapshot v1, https://goo.gl/fbAQLP

exports[`renders 1`] = `
.emotion-0 {
  display: grid;
  grid-gap: 8px;
  grid-template-columns: repeat(auto-fit,minmax(64px,1fr));
}

<div
  className="emotion-0"
/>
`;
