// Jest Snapshot v1, https://goo.gl/fbAQLP

exports[`renders a code block 1`] = `
Object {
  "asFragment": [Function],
  "baseElement": <body>
    <div>
      <pre
        class="prism-code language-js css-0"
      >
        <div
          class="token-line css-0"
        >
          <span
            class="token console class-name css-0"
          >
            console
          </span>
          <span
            class="token punctuation css-0"
          >
            .
          </span>
          <span
            class="token method function property-access css-0"
          >
            log
          </span>
          <span
            class="token punctuation css-0"
          >
            (
          </span>
          <span
            class="token string css-0"
          >
            'hello, world!'
          </span>
          <span
            class="token punctuation css-0"
          >
            )
          </span>
        </div>
      </pre>
    </div>
  </body>,
  "container": <div>
    <pre
      class="prism-code language-js css-0"
    >
      <div
        class="token-line css-0"
      >
        <span
          class="token console class-name css-0"
        >
          console
        </span>
        <span
          class="token punctuation css-0"
        >
          .
        </span>
        <span
          class="token method function property-access css-0"
        >
          log
        </span>
        <span
          class="token punctuation css-0"
        >
          (
        </span>
        <span
          class="token string css-0"
        >
          'hello, world!'
        </span>
        <span
          class="token punctuation css-0"
        >
          )
        </span>
      </div>
    </pre>
  </div>,
  "debug": [Function],
  "findAllByAltText": [Function],
  "findAllByDisplayValue": [Function],
  "findAllByLabelText": [Function],
  "findAllByPlaceholderText": [Function],
  "findAllByRole": [Function],
  "findAllByTestId": [Function],
  "findAllByText": [Function],
  "findAllByTitle": [Function],
  "findByAltText": [Function],
  "findByDisplayValue": [Function],
  "findByLabelText": [Function],
  "findByPlaceholderText": [Function],
  "findByRole": [Function],
  "findByTestId": [Function],
  "findByText": [Function],
  "findByTitle": [Function],
  "getAllByAltText": [Function],
  "getAllByDisplayValue": [Function],
  "getAllByLabelText": [Function],
  "getAllByPlaceholderText": [Function],
  "getAllByRole": [Function],
  "getAllByTestId": [Function],
  "getAllByText": [Function],
  "getAllByTitle": [Function],
  "getByAltText": [Function],
  "getByDisplayValue": [Function],
  "getByLabelText": [Function],
  "getByPlaceholderText": [Function],
  "getByRole": [Function],
  "getByTestId": [Function],
  "getByText": [Function],
  "getByTitle": [Function],
  "queryAllByAltText": [Function],
  "queryAllByDisplayValue": [Function],
  "queryAllByLabelText": [Function],
  "queryAllByPlaceholderText": [Function],
  "queryAllByRole": [Function],
  "queryAllByTestId": [Function],
  "queryAllByText": [Function],
  "queryAllByTitle": [Function],
  "queryByAltText": [Function],
  "queryByDisplayValue": [Function],
  "queryByLabelText": [Function],
  "queryByPlaceholderText": [Function],
  "queryByRole": [Function],
  "queryByTestId": [Function],
  "queryByText": [Function],
  "queryByTitle": [Function],
  "rerender": [Function],
  "unmount": [Function],
}
`;
